// Jest Snapshot v1, https://goo.gl/fbAQLP

exports[`should render expenselist with expenses 1`] = `
<div>
  <ExpenseListItem
    amount={1095}
    createdAt={0}
    description="Goober"
    id="1"
    key="1"
    note="A Goober"
  />
  <ExpenseListItem
    amount={1295}
    createdAt={-345600000}
    description="Bloop"
    id="2"
    key="2"
    note="A Bloop"
  />
  <ExpenseListItem
    amount={957}
    createdAt={345600000}
    description="Goober Bloops"
    id="3"
    key="3"
    note="A Goober Bloop"
  />
</div>
`;

exports[`should render expenselist without expenses (emtpy array) 1`] = `
<div>
  <p>
    No Expenses
  </p>
</div>
`;
